Collision with bicycle 1
Max beats the first bicycle
Max crosses safely after bicycle 9
Collision with bicycle 6
Max crosses safely after bicycle 5
Collision with bicycle 6
Max crosses safely after bicycle 5
Max crosses safely after bicycle 10
Collision with bicycle 10
Max crosses safely after bicycle 10
Max crosses safely after bicycle 10
Collision with bicycle 10
Collision with bicycle 6
Max crosses safely after bicycle 5
Max crosses safely after bicycle 4
Max crosses safely after bicycle 3
Max crosses safely after bicycle 7
Max crosses safely after bicycle 8
Max crosses safely after bicycle 6
Max crosses safely after bicycle 10
Max crosses safely after bicycle 1
Max crosses safely after bicycle 1
Max crosses safely after bicycle 2
Max crosses safely after bicycle 2
Max crosses safely after bicycle 3
Max crosses safely after bicycle 3
Max crosses safely after bicycle 4
Max crosses safely after bicycle 4
Max crosses safely after bicycle 5
Max crosses safely after bicycle 5
Max crosses safely after bicycle 6
Max crosses safely after bicycle 6
Max crosses safely after bicycle 7
Max crosses safely after bicycle 7
Max crosses safely after bicycle 8
Max crosses safely after bicycle 8
Max crosses safely after bicycle 9
Max crosses safely after bicycle 9
Max crosses safely after bicycle 10
Max crosses safely after bicycle 10
