Collision with bicycle 1
Max crosses safely after bicycle 10
Max crosses safely after bicycle 10
Max crosses safely after bicycle 10
Max beats the first bicycle
Max crosses safely after bicycle 10
Max crosses safely after bicycle 10
Max beats the first bicycle
Max crosses safely after bicycle 10
Max crosses safely after bicycle 10
Max crosses safely after bicycle 10
Collision with bicycle 7
Collision with bicycle 9
Max crosses safely after bicycle 4
Max crosses safely after bicycle 10
Max beats the first bicycle
Max crosses safely after bicycle 10
Max crosses safely after bicycle 10
Max beats the first bicycle
Max crosses safely after bicycle 10
Max crosses safely after bicycle 5
Max beats the first bicycle
Max crosses safely after bicycle 10
Max crosses safely after bicycle 10
Max crosses safely after bicycle 1
Max crosses safely after bicycle 10
Max crosses safely after bicycle 10
Max crosses safely after bicycle 10
Collision with bicycle 7
Max crosses safely after bicycle 7
Max beats the first bicycle
Max crosses safely after bicycle 10
Collision with bicycle 3
Max beats the first bicycle
Max crosses safely after bicycle 10
Collision with bicycle 4
Max beats the first bicycle
Max crosses safely after bicycle 10
Max crosses safely after bicycle 10
Max beats the first bicycle
